Run 20260903-174120-448 Scenario T15 Traffic icmp Duration 13 Seed 4299
[CFG] selected proposal: IKE:AES_CBC_192/HMAC_SHA2_256_128/PRF_HMAC_SHA2_256/MODP_3072
[IKE] authentication of 'gateway-a' (myself) with pre-shared key
[IKE] establishing CHILD_SA t15-child{9}
[ENC] generating IKE_AUTH request 1 [ IDi N(INIT_CONTACT) IDr AUTH SA TSi TSr N(MOBIKE_SUP) N(ADD_4_ADDR) N(ADD_6_ADDR) N(ADD_6_ADDR) N(MULT_AUTH) N(EAP_ONLY) N(MSG_ID_SYN_SUP) ]
[NET] sending packet: from 10.77.0.10[4500] to 10.77.0.20[4500] (384 bytes)
[NET] received packet: from 10.77.0.20[4500] to 10.77.0.10[4500] (336 bytes)
[ENC] parsed IKE_AUTH response 1 [ IDr AUTH SA TSi TSr N(MOBIKE_SUP) N(ADD_4_ADDR) N(ADD_6_ADDR) N(ADD_6_ADDR) ]
[IKE] authentication of 'gateway-b' with pre-shared key successful
[IKE] peer supports MOBIKE
[IKE] IKE_SA T15[9] established between 10.77.0.10[gateway-a]...10.77.0.20[gateway-b]
[IKE] scheduling rekeying in 13335s
[IKE] maximum IKE_SA lifetime 14775s
[CFG] selected proposal: ESP:AES_CBC_192/HMAC_SHA2_256_128/NO_EXT_SEQ
[IKE] CHILD_SA t15-child{9} established with SPIs c6b08f3d_i c7935b51_o and TS fd77:77:23::/64 === fd77:77:24::/64
initiate completed successfully
PING fd77:77:24::10(fd77:77:24::10) from fd77:77:23::10 : 56 data bytes
64 bytes from fd77:77:24::10: icmp_seq=1 ttl=64 time=0.126 ms
64 bytes from fd77:77:24::10: icmp_seq=2 ttl=64 time=0.106 ms

--- fd77:77:24::10 ping statistics ---
2 packets transmitted, 2 received, 0% packet loss, time 1010ms
rtt min/avg/max/mdev = 0.106/0.116/0.126/0.010 ms
--- fd77:77:24::10 ping statistics ---
18 packets transmitted, 18 received, 0% packet loss, time 11974ms
rtt min/avg/max/mdev = 0.085/0.139/0.214/0.031 ms

{"profile": "icmp", "duration": 13, "seed": 4299, "peer": "fd77:77:24::10", "result": {"packets": 18, "bytes": 1422, "protocol": "icmp", "packet_size": 79, "interval": 0.6974432895537548, "count": 18, "actual_duration": 13, "seed": 4299, "profile_version": "3.5-v1"}, "profile_version": "3.5-v1"}
