Run 20260903-151414-333 Scenario T10 Traffic icmp Duration 12 Seed 8879
[CFG] selected proposal: IKE:AES_CBC_256/HMAC_SHA2_384_192/PRF_HMAC_SHA2_384/MODP_2048
[IKE] authentication of 'gateway-a' (myself) with pre-shared key
[IKE] establishing CHILD_SA ipv6-child{189}
[ENC] generating IKE_AUTH request 1 [ IDi N(INIT_CONTACT) IDr AUTH SA TSi TSr N(MOBIKE_SUP) N(ADD_4_ADDR) N(ADD_4_ADDR) N(ADD_6_ADDR) N(MULT_AUTH) N(EAP_ONLY) N(MSG_ID_SYN_SUP) ]
[NET] sending packet: from fd77:77::10[4500] to fd77:77::20[4500] (424 bytes)
[NET] received packet: from fd77:77::20[4500] to fd77:77::10[4500] (376 bytes)
[ENC] parsed IKE_AUTH response 1 [ IDr AUTH SA TSi TSr N(MOBIKE_SUP) N(ADD_4_ADDR) N(ADD_4_ADDR) N(ADD_6_ADDR) ]
[IKE] authentication of 'gateway-b' with pre-shared key successful
[IKE] peer supports MOBIKE
[IKE] IKE_SA ipv6-ike[159] established between fd77:77::10[gateway-a]...fd77:77::20[gateway-b]
[IKE] scheduling rekeying in 13474s
[IKE] maximum IKE_SA lifetime 14914s
[CFG] selected proposal: ESP:AES_CBC_256/HMAC_SHA2_384_192/NO_EXT_SEQ
[IKE] CHILD_SA ipv6-child{189} established with SPIs cc092b8a_i c0211f74_o and TS 10.77.1.0/24 fd77:77:1::/64 === 10.77.2.0/24 fd77:77:2::/64
initiate completed successfully
--- 10.77.2.10 ping statistics ---
25 packets transmitted, 25 received, 0% packet loss, time 12258ms
rtt min/avg/max/mdev = 0.104/0.149/0.229/0.026 ms

{"profile": "icmp", "duration": 12, "seed": 8879, "peer": "10.77.2.10", "result": {"packets": 25, "bytes": 2250, "protocol": "icmp", "packet_size": 90, "interval": 0.4777361137461565, "count": 25, "actual_duration": 12, "seed": 8879, "profile_version": "3.5-v1"}, "profile_version": "3.5-v1"}
