Run 20260903-173651-525 Scenario T15 Traffic icmp Duration 12 Seed 1173
[CFG] selected proposal: IKE:AES_CBC_192/HMAC_SHA2_256_128/PRF_HMAC_SHA2_256/MODP_3072
[IKE] authentication of 'gateway-a' (myself) with pre-shared key
[IKE] establishing CHILD_SA t15-child{1}
[ENC] generating IKE_AUTH request 1 [ IDi N(INIT_CONTACT) IDr AUTH SA TSi TSr N(MOBIKE_SUP) N(ADD_4_ADDR) N(ADD_6_ADDR) N(ADD_6_ADDR) N(MULT_AUTH) N(EAP_ONLY) N(MSG_ID_SYN_SUP) ]
[NET] sending packet: from 10.77.0.10[4500] to 10.77.0.20[4500] (384 bytes)
[NET] received packet: from 10.77.0.20[4500] to 10.77.0.10[4500] (336 bytes)
[ENC] parsed IKE_AUTH response 1 [ IDr AUTH SA TSi TSr N(MOBIKE_SUP) N(ADD_4_ADDR) N(ADD_6_ADDR) N(ADD_6_ADDR) ]
[IKE] authentication of 'gateway-b' with pre-shared key successful
[IKE] peer supports MOBIKE
[IKE] IKE_SA T15[1] established between 10.77.0.10[gateway-a]...10.77.0.20[gateway-b]
[IKE] scheduling rekeying in 14319s
[IKE] maximum IKE_SA lifetime 15759s
[CFG] selected proposal: ESP:AES_CBC_192/HMAC_SHA2_256_128/NO_EXT_SEQ
[IKE] CHILD_SA t15-child{1} established with SPIs c4e3a102_i cbad5fe0_o and TS fd77:77:23::/64 === fd77:77:24::/64
initiate completed successfully
PING fd77:77:24::10(fd77:77:24::10) from fd77:77:23::10 : 56 data bytes
64 bytes from fd77:77:24::10: icmp_seq=1 ttl=64 time=0.383 ms
64 bytes from fd77:77:24::10: icmp_seq=2 ttl=64 time=0.137 ms

--- fd77:77:24::10 ping statistics ---
2 packets transmitted, 2 received, 0% packet loss, time 1012ms
rtt min/avg/max/mdev = 0.137/0.260/0.383/0.123 ms
--- fd77:77:24::10 ping statistics ---
20 packets transmitted, 20 received, 0% packet loss, time 11552ms
rtt min/avg/max/mdev = 0.069/0.128/0.177/0.027 ms

{"profile": "icmp", "duration": 12, "seed": 1173, "peer": "fd77:77:24::10", "result": {"packets": 20, "bytes": 1600, "protocol": "icmp", "packet_size": 80, "interval": 0.598706296740213, "count": 20, "actual_duration": 12, "seed": 1173, "profile_version": "3.5-v1"}, "profile_version": "3.5-v1"}
